{"ts": "2026-02-05T03:49:28.646376+00:00", "src": "/tmp/yazi-trash-test/a.txt", "dst": "/Users/fengh/.Trash/a.txt"}
{"ts": "2026-02-05T03:57:26.098372+00:00", "src": "/tmp/bobko.aerospace-fengh.sock", "dst": "/Users/fengh/.Trash/bobko.aerospace-fengh.sock"}
{"ts": "2026-02-05T03:57:29.252485+00:00", "src": "/tmp/mongodb-27017.sock", "dst": "/Users/fengh/.Trash/mongodb-27017.sock"}
{"ts": "2026-02-05T03:57:29.252485+00:00", "src": "/tmp/MozillaUpdateLock-2CCAAC286B8DCC51", "dst": "/Users/fengh/.Trash/MozillaUpdateLock-2CCAAC286B8DCC51"}
{"ts": "2026-02-05T03:57:29.252485+00:00", "src": "/tmp/sketchybar_fengh.lock", "dst": "/Users/fengh/.Trash/sketchybar_fengh.lock"}
{"ts": "2026-02-05T03:57:29.252485+00:00", "src": "/tmp/weather_cache.sh", "dst": "/Users/fengh/.Trash/weather_cache.sh"}
{"ts": "2026-02-05T03:59:53.388669+00:00", "src": "/tmp/yazi-trash-test/a.txt", "dst": "/Users/fengh/.Trash/a.txt (1)"}
{"ts": "2026-02-05T04:01:15.373115+00:00", "src": "/tmp/yazi-trash-test/a.txt", "dst": "/Users/fengh/.Trash/a.txt (2)"}
{"ts": "2026-02-05T04:01:27.938640+00:00", "src": "/tmp/yazi-trash-test/a.txt", "dst": "/Users/fengh/.Trash/a.txt (3)"}
{"ts": "2026-02-05T04:02:46.946000+00:00", "src": "/Users/fengh/Downloads/chen-tao.md", "dst": "/Users/fengh/.Trash/chen-tao.md (1)"}
{"ts": "2026-02-05T04:02:50.466281+00:00", "src": "/Users/fengh/Downloads/🦊得到AI课【合集】", "dst": "/Users/fengh/.Trash/🦊得到AI课【合集】"}
{"ts": "2026-02-05T04:03:21.197644+00:00", "src": "/Users/fengh/Downloads/chen-tao.md", "dst": "/Users/fengh/.Trash/chen-tao.md (2)"}
{"ts": "2026-02-05T04:05:54.482765+00:00", "src": "/Users/fengh/Downloads/chen-tao.md", "dst": "/Users/fengh/.Trash/chen-tao.md (2)"}
{"ts": "2026-02-05T04:08:03.407459+00:00", "src": "/Users/fengh/Desktop/keymap.toml", "dst": "/Users/fengh/.Trash/keymap.toml"}
{"ts": "2026-02-05T04:08:21.973210+00:00", "src": "/Users/fengh/Desktop/mac_trash_browse_restore.sh", "dst": "/Users/fengh/.Trash/mac_trash_browse_restore.sh"}
{"ts": "2026-02-05T04:08:21.973210+00:00", "src": "/Users/fengh/Desktop/mac_trash_last.sh", "dst": "/Users/fengh/.Trash/mac_trash_last.sh"}
{"ts": "2026-02-05T04:08:21.973210+00:00", "src": "/Users/fengh/Desktop/mac_trash_put.sh", "dst": "/Users/fengh/.Trash/mac_trash_put.sh"}
{"ts": "2026-02-05T04:08:21.973210+00:00", "src": "/Users/fengh/Desktop/mac_trash_restore_last.sh", "dst": "/Users/fengh/.Trash/mac_trash_restore_last.sh"}
{"ts": "2026-02-05T04:08:21.973210+00:00", "src": "/Users/fengh/Desktop/yazi.toml", "dst": "/Users/fengh/.Trash/yazi.toml"}
{"ts": "2026-02-05T04:08:29.399081+00:00", "src": "/Users/fengh/Desktop/yazi.toml", "dst": "/Users/fengh/.Trash/yazi.toml"}
{"ts": "2026-02-05T04:10:20.753334+00:00", "src": "/Users/fengh/Downloads/chen-tao.md", "dst": "/Users/fengh/.Trash/chen-tao.md (3)"}
{"ts": "2026-02-05T04:10:34.169073+00:00", "src": "/Users/fengh/Downloads/chen-tao.md", "dst": "/Users/fengh/.Trash/chen-tao.md (3)"}
{"ts": "2026-02-05T04:13:27.385700+00:00", "src": "/Users/fengh/Downloads/chen-tao.md", "dst": "/Users/fengh/.Trash/chen-tao.md (4)"}
{"ts": "2026-02-05T04:13:57.798581+00:00", "src": "/Users/fengh/Desktop/yazi.toml", "dst": "/Users/fengh/.Trash/yazi.toml"}
{"ts": "2026-02-05T07:43:15.323458+00:00", "src": "/Users/fengh/Desktop/aerospace.sh", "dst": "/Users/fengh/.Trash/aerospace.sh"}
{"ts": "2026-02-05T07:43:15.323458+00:00", "src": "/Users/fengh/Desktop/auto_gaps.sh", "dst": "/Users/fengh/.Trash/auto_gaps.sh"}
{"ts": "2026-02-05T07:43:15.323458+00:00", "src": "/Users/fengh/Desktop/clock.sh", "dst": "/Users/fengh/.Trash/clock.sh"}
{"ts": "2026-02-05T07:43:15.323458+00:00", "src": "/Users/fengh/Desktop/front_app.sh", "dst": "/Users/fengh/.Trash/front_app.sh"}
{"ts": "2026-02-05T07:43:15.323458+00:00", "src": "/Users/fengh/Desktop/icon_map.sh", "dst": "/Users/fengh/.Trash/icon_map.sh"}
{"ts": "2026-02-05T07:43:15.323458+00:00", "src": "/Users/fengh/Desktop/input.sh", "dst": "/Users/fengh/.Trash/input.sh"}
{"ts": "2026-02-05T07:43:15.323458+00:00", "src": "/Users/fengh/Desktop/sketchybarrc", "dst": "/Users/fengh/.Trash/sketchybarrc"}
{"ts": "2026-02-05T07:43:15.323458+00:00", "src": "/Users/fengh/Desktop/space.sh", "dst": "/Users/fengh/.Trash/space.sh"}
{"ts": "2026-02-05T07:43:15.323458+00:00", "src": "/Users/fengh/Desktop/theme.sh", "dst": "/Users/fengh/.Trash/theme.sh"}
{"ts": "2026-02-05T07:43:15.323458+00:00", "src": "/Users/fengh/Desktop/weather.sh", "dst": "/Users/fengh/.Trash/weather.sh"}
{"ts": "2026-02-05T08:04:19.612839+00:00", "src": "/Users/fengh/Desktop/weather.sh", "dst": "/Users/fengh/.Trash/weather.sh"}
{"ts": "2026-02-05T14:01:04.752702+00:00", "src": "/Users/fengh/node_modules", "dst": "/Users/fengh/.Trash/node_modules"}
{"ts": "2026-02-09T01:11:35.643351+00:00", "src": "/Users/fengh/Downloads/xc62VCKhMDDnaUpW6lX4AN.png", "dst": "/Users/fengh/.Trash/xc62VCKhMDDnaUpW6lX4AN.png"}
{"ts": "2026-02-12T01:38:21.142374+00:00", "src": "/Users/fengh/Desktop/aerospace.toml", "dst": "/Users/fengh/.Trash/aerospace.toml"}
{"ts": "2026-02-12T01:38:21.142374+00:00", "src": "/Users/fengh/Desktop/拨琴弦的人：智能体 AI 时代，教育应该把孩子带向哪里？.pdf", "dst": "/Users/fengh/.Trash/拨琴弦的人：智能体 AI 时代，教育应该把孩子带向哪里？.pdf"}
{"ts": "2026-02-21T14:03:13.645541+00:00", "src": "/Users/fengh/Documents/RDS/ENTERTAINMENT/Messi/劳伦斯颁奖典礼_1.mp4", "dst": "/Users/fengh/.Trash/劳伦斯颁奖典礼_1.mp4"}
{"ts": "2026-02-22T03:54:13.965901+00:00", "src": "/Users/fengh/Documents/RDS/ENTERTAINMENT/Messi_1", "dst": "/Users/fengh/.Trash/Messi_1"}
{"ts": "2026-03-19T07:13:41.606033+00:00", "src": "/Users/fengh/Documents/RDS/WORK", "dst": "/Users/fengh/.Trash/WORK"}
{"ts": "2026-03-21T02:18:35.453634+00:00", "src": "/Users/fengh/Downloads/果果生日.mp4", "dst": "/Users/fengh/.Trash/果果生日.mp4"}
{"ts": "2026-03-21T02:18:42.668549+00:00", "src": "/Users/fengh/Downloads/个人写作范例", "dst": "/Users/fengh/.Trash/个人写作范例"}
{"ts": "2026-03-24T10:03:01.913472+00:00", "src": "/Users/fengh/Documents/RDS/BLOG/hugo/创业", "dst": "/Users/fengh/.Trash/创业"}
{"ts": "2026-03-24T10:03:03.685373+00:00", "src": "/Users/fengh/Documents/RDS/BLOG/hugo/感悟", "dst": "/Users/fengh/.Trash/感悟"}
{"ts": "2026-03-24T10:03:05.932361+00:00", "src": "/Users/fengh/Documents/RDS/BLOG/hugo/教育", "dst": "/Users/fengh/.Trash/教育"}
{"ts": "2026-03-24T10:03:06.926501+00:00", "src": "/Users/fengh/Documents/RDS/BLOG/hugo/杂谈", "dst": "/Users/fengh/.Trash/杂谈"}
{"ts": "2026-03-24T10:03:07.825233+00:00", "src": "/Users/fengh/Documents/RDS/BLOG/hugo/读书", "dst": "/Users/fengh/.Trash/读书"}
{"ts": "2026-03-24T10:03:11.662192+00:00", "src": "/Users/fengh/Documents/RDS/BLOG/hugo/DEPLOY_STACK.md", "dst": "/Users/fengh/.Trash/DEPLOY_STACK.md"}
{"ts": "2026-03-24T10:03:16.097246+00:00", "src": "/Users/fengh/Documents/RDS/BLOG/hugo/hugo.toml.jane", "dst": "/Users/fengh/.Trash/hugo.toml.jane"}
{"ts": "2026-03-24T10:03:17.497544+00:00", "src": "/Users/fengh/Documents/RDS/BLOG/hugo/hugo.toml.stack", "dst": "/Users/fengh/.Trash/hugo.toml.stack"}
{"ts": "2026-03-24T10:03:22.139282+00:00", "src": "/Users/fengh/Documents/RDS/BLOG/hugo/STACK_MIGRATION.md", "dst": "/Users/fengh/.Trash/STACK_MIGRATION.md"}
{"ts": "2026-03-24T10:03:37.278742+00:00", "src": "/Users/fengh/Documents/RDS/BLOG/hugo/layouts.jane-backup", "dst": "/Users/fengh/.Trash/layouts.jane-backup"}
{"ts": "2026-03-24T10:03:40.995462+00:00", "src": "/Users/fengh/Documents/RDS/BLOG/hugo/d..", "dst": "/Users/fengh/.Trash/d.."}
{"ts": "2026-03-24T10:03:54.939583+00:00", "src": "/Users/fengh/Documents/RDS/BLOG/hugo/themes/hugo-theme-stack", "dst": "/Users/fengh/.Trash/hugo-theme-stack"}
{"ts": "2026-03-24T10:07:02.093277+00:00", "src": "/Users/fengh/Documents/RDS/BLOG/hugo/assets", "dst": "/Users/fengh/.Trash/assets"}
{"ts": "2026-03-24T10:07:03.799788+00:00", "src": "/Users/fengh/Documents/RDS/BLOG/hugo/config", "dst": "/Users/fengh/.Trash/config"}
{"ts": "2026-03-24T10:07:07.942149+00:00", "src": "/Users/fengh/Documents/RDS/BLOG/hugo/layouts", "dst": "/Users/fengh/.Trash/layouts"}
{"ts": "2026-03-24T10:08:38.786551+00:00", "src": "/Users/fengh/Documents/RDS/BLOG/hugo/d..", "dst": "/Users/fengh/.Trash/d.. (1)"}
{"ts": "2026-03-24T10:08:43.732362+00:00", "src": "/Users/fengh/Documents/RDS/BLOG/hugo/layouts.jane-backup", "dst": "/Users/fengh/.Trash/layouts.jane-backup (1)"}
{"ts": "2026-03-24T10:08:46.237807+00:00", "src": "/Users/fengh/Documents/RDS/BLOG/hugo/创业", "dst": "/Users/fengh/.Trash/创业 (1)"}
{"ts": "2026-03-24T10:08:47.098571+00:00", "src": "/Users/fengh/Documents/RDS/BLOG/hugo/感悟", "dst": "/Users/fengh/.Trash/感悟 (1)"}
{"ts": "2026-03-24T10:08:47.902108+00:00", "src": "/Users/fengh/Documents/RDS/BLOG/hugo/教育", "dst": "/Users/fengh/.Trash/教育 (1)"}
{"ts": "2026-03-24T10:08:48.710669+00:00", "src": "/Users/fengh/Documents/RDS/BLOG/hugo/杂谈", "dst": "/Users/fengh/.Trash/杂谈 (1)"}
{"ts": "2026-03-24T10:08:49.502801+00:00", "src": "/Users/fengh/Documents/RDS/BLOG/hugo/读书", "dst": "/Users/fengh/.Trash/读书 (1)"}
{"ts": "2026-03-24T10:08:54.679115+00:00", "src": "/Users/fengh/Documents/RDS/BLOG/hugo/hugo.toml.jane", "dst": "/Users/fengh/.Trash/hugo.toml.jane (1)"}
{"ts": "2026-03-24T10:08:55.891546+00:00", "src": "/Users/fengh/Documents/RDS/BLOG/hugo/hugo.toml.papermod", "dst": "/Users/fengh/.Trash/hugo.toml.papermod"}
{"ts": "2026-03-30T06:47:56.314608+00:00", "src": "/Users/fengh/Documents/RDS/ENTERTAINMENT/101.pdf", "dst": "/Users/fengh/.Trash/101.pdf"}
{"ts": "2026-03-30T06:48:05.544368+00:00", "src": "/Users/fengh/Documents/RDS/ENTERTAINMENT/十二星座猫猫.doc", "dst": "/Users/fengh/.Trash/十二星座猫猫.doc"}
