[2026-03-13 19:07:54] SUCCESS: System crash reports
[2026-03-13 19:07:54] SUCCESS: System logs
[2026-03-13 19:08:00] SUCCESS: Browser code signature caches, 1 items
[2026-03-13 19:08:00] SUCCESS: System diagnostic logs
[2026-03-13 19:08:00] SUCCESS: Power logs
[2026-03-13 19:15:31] SUCCESS: System crash reports
[2026-03-13 19:15:31] SUCCESS: System logs
[2026-03-13 19:15:37] SUCCESS: System diagnostic logs
[2026-03-13 19:15:37] SUCCESS: Power logs
[2026-03-13 19:23:12] SUCCESS: Security settings updated
[2026-03-13 20:21:12] SUCCESS: System crash reports
[2026-03-13 20:21:12] SUCCESS: System logs
[2026-03-13 20:21:18] SUCCESS: System diagnostic logs
[2026-03-13 20:21:18] SUCCESS: Power logs
[2026-03-14 17:17:31] SUCCESS: System crash reports
[2026-03-14 17:17:31] SUCCESS: System logs
[2026-03-14 17:17:36] SUCCESS: Browser code signature caches, 1 items
[2026-03-14 17:17:37] SUCCESS: System diagnostic logs
[2026-03-14 17:17:37] SUCCESS: Power logs
[2026-03-19 15:48:52] SUCCESS: System crash reports
[2026-03-19 15:48:52] SUCCESS: System logs
[2026-03-19 15:48:57] SUCCESS: Browser code signature caches, 1 items
[2026-03-19 15:48:58] SUCCESS: System diagnostic logs
[2026-03-19 15:48:58] SUCCESS: Power logs
[2026-03-20 14:30:05] SUCCESS: System crash reports
[2026-03-20 14:30:05] SUCCESS: System logs
[2026-03-20 14:30:11] SUCCESS: Browser code signature caches, 1 items
[2026-03-20 14:30:11] SUCCESS: System diagnostic logs
[2026-03-20 14:30:11] SUCCESS: Power logs
[2026-03-20 16:03:10] SUCCESS: System crash reports
[2026-03-20 16:03:10] SUCCESS: System logs
[2026-03-20 16:03:15] SUCCESS: System diagnostic logs
[2026-03-20 16:03:15] SUCCESS: Power logs
[2026-03-20 16:23:14] SUCCESS: System crash reports
[2026-03-20 16:23:14] SUCCESS: System logs
[2026-03-20 16:23:20] SUCCESS: Browser code signature caches, 1 items
[2026-03-20 16:23:20] SUCCESS: System diagnostic logs
[2026-03-20 16:23:20] SUCCESS: Power logs
[2026-03-20 17:21:28] SUCCESS: System crash reports
[2026-03-20 17:21:28] SUCCESS: System logs
[2026-03-20 17:21:33] SUCCESS: System diagnostic logs
[2026-03-20 17:21:34] SUCCESS: Power logs
[2026-03-20 19:04:55] SUCCESS: System crash reports
[2026-03-20 19:04:55] SUCCESS: System logs
[2026-03-20 19:05:01] SUCCESS: System diagnostic logs
[2026-03-20 19:05:01] SUCCESS: Power logs
[2026-03-21 20:04:31] SUCCESS: System crash reports
[2026-03-21 20:04:31] SUCCESS: System logs
[2026-03-21 20:04:36] SUCCESS: Browser code signature caches, 1 items
[2026-03-21 20:04:36] SUCCESS: System diagnostic logs
[2026-03-21 20:04:37] SUCCESS: Power logs
